<<<<<<< HEAD
git rm attached_assets/Pasted--type-service-account-project-id-solar-energy-56bc8-private-key-id-ce7300a-1748610120399.txt
rm 'attached_assets/Pasted--type-service-account-project-id-solar-energy-56bc8-private-key-id-ce7300a-1748610120399.txt'
~/workspace$ git commit -m "Remove service account credentials file"
[main 3dfb3f9] Remove service account credentials file
 1 file changed, 13 deletions(-)
 delete mode 100644 attached_assets/Pasted--type-service-account-project-id-solar-energy-56bc8-private-key-id-ce7300a-1748610120399.txt
~/workspace$ git push origin main
Enumerating objects: 36, done.
Counting objects: 100% (36/36), done.
Delta compression using up to 8 threads
Compressing objects: 100% (23/23), done.
Writing objects: 100% (25/25), 36.64 KiB | 9.16 MiB/s, done.
Total 25 (delta 16), reused 0 (delta 0), pack-reused 0 (from 0)
remote: Resolving deltas: 100% (16/16), completed with 8 local objects.
remote: error: GH013: Repository rule violations found for refs/heads/main.
remote: 
remote: - GITHUB PUSH PROTECTION
remote:   —————————————————————————————————————————
remote:     Resolve the following violations before pushing again
remote: 
remote:     - Push cannot contain secrets
remote: 
remote:     
remote:      (?) Learn how to resolve a blocked push
remote:      https://docs.github.com/code-security/secret-scanning/working-with-secret-scanning-and-push-protection/working-with-push-protection-from-the-command-line#resolving-a-blocked-push
remote:     
remote:     
remote:       —— Google Cloud Service Account Credentials ——————————
remote:        locations:
remote:          - commit: d5e639afd50db744bd2a2ce16513e7747f4a36fe
remote:            path: attached_assets/Pasted--type-service-account-project-id-solar-energy-56bc8-private-key-id-ce7300a-1748610120399.txt:1
remote:     
remote:        (?) To push, remove secret from commit(s) or follow this URL to allow the secret.
remote:        https://github.com/ajithyaasaf/prakashgreenenergymain2/security/secret-scanning/unblock-secret/2xqcr4Ykwd7TSkgtKPFIOMYRDBE
remote:     
remote: 
remote: 
To https://github.com/ajithyaasaf/prakashgreenenergymain2
 ! [remote rejected] main -> main (push declined due to repository rule violations)
=======
git rm attached_assets/Pasted--type-service-account-project-id-solar-energy-56bc8-private-key-id-ce7300a-1748610120399.txt
rm 'attached_assets/Pasted--type-service-account-project-id-solar-energy-56bc8-private-key-id-ce7300a-1748610120399.txt'
~/workspace$ git commit -m "Remove service account credentials file"
[main 3dfb3f9] Remove service account credentials file
 1 file changed, 13 deletions(-)
 delete mode 100644 attached_assets/Pasted--type-service-account-project-id-solar-energy-56bc8-private-key-id-ce7300a-1748610120399.txt
~/workspace$ git push origin main
Enumerating objects: 36, done.
Counting objects: 100% (36/36), done.
Delta compression using up to 8 threads
Compressing objects: 100% (23/23), done.
Writing objects: 100% (25/25), 36.64 KiB | 9.16 MiB/s, done.
Total 25 (delta 16), reused 0 (delta 0), pack-reused 0 (from 0)
remote: Resolving deltas: 100% (16/16), completed with 8 local objects.
remote: error: GH013: Repository rule violations found for refs/heads/main.
remote: 
remote: - GITHUB PUSH PROTECTION
remote:   —————————————————————————————————————————
remote:     Resolve the following violations before pushing again
remote: 
remote:     - Push cannot contain secrets
remote: 
remote:     
remote:      (?) Learn how to resolve a blocked push
remote:      https://docs.github.com/code-security/secret-scanning/working-with-secret-scanning-and-push-protection/working-with-push-protection-from-the-command-line#resolving-a-blocked-push
remote:     
remote:     
remote:       —— Google Cloud Service Account Credentials ——————————
remote:        locations:
remote:          - commit: d5e639afd50db744bd2a2ce16513e7747f4a36fe
remote:            path: attached_assets/Pasted--type-service-account-project-id-solar-energy-56bc8-private-key-id-ce7300a-1748610120399.txt:1
remote:     
remote:        (?) To push, remove secret from commit(s) or follow this URL to allow the secret.
remote:        https://github.com/ajithyaasaf/prakashgreenenergymain2/security/secret-scanning/unblock-secret/2xqcr4Ykwd7TSkgtKPFIOMYRDBE
remote:     
remote: 
remote: 
To https://github.com/ajithyaasaf/prakashgreenenergymain2
 ! [remote rejected] main -> main (push declined due to repository rule violations)
>>>>>>> d7b0360e5f812ad38e870765d33c592734271da8
error: failed to push some refs to 'https://github.com/ajithyaasaf/prakashgreenenergymain2'